// Jest Snapshot v1, https://goo.gl/fbAQLP

exports[`When I mount a component that is wrapped with a BrickInstaller the provided wrapped component is rendered with the provided wrapped component props 1`] = `"<h1>Hello world!</h1>"`;
